// Jest Snapshot v1, https://goo.gl/fbAQLP

exports[`should render Checkout component 1`] = `
"<styled.div>
  <styled.img src=\\"http://test.image.com/image.png\\" alt=\\"item\\" />
  <styled.div>
    <styled.span>
      hats
    </styled.span>
    <styled.span>
      2
       x $
      10
    </styled.span>
  </styled.div>
</styled.div>"
`;
